d:\github\simplegameengine\enginecore\third_parties\glfw\bin\debug-windows-x86_64\glfw\glfw.pdb
d:\github\simplegameengine\enginecore\third_parties\glfw\bin\debug-windows-x86_64\glfw\glfw.idb
d:\github\simplegameengine\enginecore\third_parties\glfw\bin-int\debug-windows-x86_64\glfw\window.obj
d:\github\simplegameengine\enginecore\third_parties\glfw\bin-int\debug-windows-x86_64\glfw\win32_window.obj
d:\github\simplegameengine\enginecore\third_parties\glfw\bin-int\debug-windows-x86_64\glfw\win32_time.obj
d:\github\simplegameengine\enginecore\third_parties\glfw\bin-int\debug-windows-x86_64\glfw\win32_thread.obj
d:\github\simplegameengine\enginecore\third_parties\glfw\bin-int\debug-windows-x86_64\glfw\win32_monitor.obj
d:\github\simplegameengine\enginecore\third_parties\glfw\bin-int\debug-windows-x86_64\glfw\win32_joystick.obj
d:\github\simplegameengine\enginecore\third_parties\glfw\bin-int\debug-windows-x86_64\glfw\win32_init.obj
d:\github\simplegameengine\enginecore\third_parties\glfw\bin-int\debug-windows-x86_64\glfw\wgl_context.obj
d:\github\simplegameengine\enginecore\third_parties\glfw\bin-int\debug-windows-x86_64\glfw\vulkan.obj
d:\github\simplegameengine\enginecore\third_parties\glfw\bin-int\debug-windows-x86_64\glfw\osmesa_context.obj
d:\github\simplegameengine\enginecore\third_parties\glfw\bin-int\debug-windows-x86_64\glfw\monitor.obj
d:\github\simplegameengine\enginecore\third_parties\glfw\bin-int\debug-windows-x86_64\glfw\input.obj
d:\github\simplegameengine\enginecore\third_parties\glfw\bin-int\debug-windows-x86_64\glfw\init.obj
d:\github\simplegameengine\enginecore\third_parties\glfw\bin-int\debug-windows-x86_64\glfw\egl_context.obj
d:\github\simplegameengine\enginecore\third_parties\glfw\bin-int\debug-windows-x86_64\glfw\context.obj
d:\github\simplegameengine\enginecore\third_parties\glfw\bin\debug-windows-x86_64\glfw\glfw.lib
d:\github\simplegameengine\enginecore\third_parties\glfw\bin-int\debug-windows-x86_64\glfw\glfw.tlog\cl.command.1.tlog
d:\github\simplegameengine\enginecore\third_parties\glfw\bin-int\debug-windows-x86_64\glfw\glfw.tlog\cl.items.tlog
d:\github\simplegameengine\enginecore\third_parties\glfw\bin-int\debug-windows-x86_64\glfw\glfw.tlog\cl.read.1.tlog
d:\github\simplegameengine\enginecore\third_parties\glfw\bin-int\debug-windows-x86_64\glfw\glfw.tlog\cl.write.1.tlog
d:\github\simplegameengine\enginecore\third_parties\glfw\bin-int\debug-windows-x86_64\glfw\glfw.tlog\lib-link.read.1.tlog
d:\github\simplegameengine\enginecore\third_parties\glfw\bin-int\debug-windows-x86_64\glfw\glfw.tlog\lib-link.write.1.tlog
d:\github\simplegameengine\enginecore\third_parties\glfw\bin-int\debug-windows-x86_64\glfw\glfw.tlog\lib.command.1.tlog
